  character_manager.cpp
  characterselect.cpp
  result.cpp
  scene_manager.cpp
C:\Users\GamePG\Desktop\小林大楽\github\CreateProgram\Fischer\game\src\game\gameobject\character_manager\character_manager.cpp(7,61): warning C4838: 'float' から 'int' への変換には縮小変換が必要です
C:\Users\GamePG\Desktop\小林大楽\github\CreateProgram\Fischer\game\src\game\gameobject\character_manager\character_manager.cpp(7,61): warning C4244: '初期化中': 'float' から 'int' への変換です。データが失われる可能性があります。
C:\Users\GamePG\Desktop\小林大楽\github\CreateProgram\Fischer\game\src\game\gameobject\character_manager\character_manager.cpp(7,78): warning C4838: 'float' から 'int' への変換には縮小変換が必要です
C:\Users\GamePG\Desktop\小林大楽\github\CreateProgram\Fischer\game\src\game\gameobject\character_manager\character_manager.cpp(7,78): warning C4244: '初期化中': 'float' から 'int' への変換です。データが失われる可能性があります。
C:\Users\GamePG\Desktop\小林大楽\github\CreateProgram\Fischer\game\src\game\gameobject\character_manager\character_manager.cpp(16,63): warning C4838: 'float' から 'int' への変換には縮小変換が必要です
C:\Users\GamePG\Desktop\小林大楽\github\CreateProgram\Fischer\game\src\game\gameobject\character_manager\character_manager.cpp(16,63): warning C4244: '初期化中': 'float' から 'int' への変換です。データが失われる可能性があります。
C:\Users\GamePG\Desktop\小林大楽\github\CreateProgram\Fischer\game\src\game\gameobject\character_manager\character_manager.cpp(16,82): warning C4838: 'float' から 'int' への変換には縮小変換が必要です
C:\Users\GamePG\Desktop\小林大楽\github\CreateProgram\Fischer\game\src\game\gameobject\character_manager\character_manager.cpp(16,82): warning C4244: '初期化中': 'float' から 'int' への変換です。データが失われる可能性があります。
C:\Users\GamePG\Desktop\小林大楽\github\CreateProgram\Fischer\game\src\game\gameobject\character_manager\character_manager.cpp(25,55): warning C4838: 'float' から 'int' への変換には縮小変換が必要です
C:\Users\GamePG\Desktop\小林大楽\github\CreateProgram\Fischer\game\src\game\gameobject\character_manager\character_manager.cpp(25,55): warning C4244: '初期化中': 'float' から 'int' への変換です。データが失われる可能性があります。
C:\Users\GamePG\Desktop\小林大楽\github\CreateProgram\Fischer\game\src\game\gameobject\character_manager\character_manager.cpp(25,67): warning C4838: 'float' から 'int' への変換には縮小変換が必要です
C:\Users\GamePG\Desktop\小林大楽\github\CreateProgram\Fischer\game\src\game\gameobject\character_manager\character_manager.cpp(25,67): warning C4244: '初期化中': 'float' から 'int' への変換です。データが失われる可能性があります。
C:\Users\GamePG\Desktop\小林大楽\github\CreateProgram\Fischer\game\src\game\gameobject\scene_manager\scene\characterselect\characterselect.cpp(57,23): warning C4838: 'float' から 'int' への変換には縮小変換が必要です
C:\Users\GamePG\Desktop\小林大楽\github\CreateProgram\Fischer\game\src\game\gameobject\scene_manager\scene\characterselect\characterselect.cpp(57,23): warning C4244: '初期化中': 'float' から 'int' への変換です。データが失われる可能性があります。
C:\Users\GamePG\Desktop\小林大楽\github\CreateProgram\Fischer\game\src\game\gameobject\scene_manager\scene\characterselect\characterselect.cpp(57,29): warning C4838: 'float' から 'int' への変換には縮小変換が必要です
C:\Users\GamePG\Desktop\小林大楽\github\CreateProgram\Fischer\game\src\game\gameobject\character_manager\character_manager.cpp(34,58): warning C4838: 'float' から 'int' への変換には縮小変換が必要です
C:\Users\GamePG\Desktop\小林大楽\github\CreateProgram\Fischer\game\src\game\gameobject\scene_manager\scene\characterselect\characterselect.cpp(57,29): warning C4244: '初期化中': 'float' から 'int' への変換です。データが失われる可能性があります。
C:\Users\GamePG\Desktop\小林大楽\github\CreateProgram\Fischer\game\src\game\gameobject\scene_manager\scene\result\result.cpp(59,16): warning C4244: '=': 'float' から 'int' への変換です。データが失われる可能性があります。
C:\Users\GamePG\Desktop\小林大楽\github\CreateProgram\Fischer\game\src\game\gameobject\character_manager\character_manager.cpp(34,58): warning C4244: '初期化中': 'float' から 'int' への変換です。データが失われる可能性があります。
C:\Users\GamePG\Desktop\小林大楽\github\CreateProgram\Fischer\game\src\game\gameobject\scene_manager\scene\characterselect\characterselect.cpp(57,35): warning C4838: 'float' から 'int' への変換には縮小変換が必要です
C:\Users\GamePG\Desktop\小林大楽\github\CreateProgram\Fischer\game\src\game\gameobject\scene_manager\scene\result\result.cpp(62,54): warning C4244: '=': 'int' から 'float' への変換です。データが失われる可能性があります。
C:\Users\GamePG\Desktop\小林大楽\github\CreateProgram\Fischer\game\src\game\gameobject\character_manager\character_manager.cpp(34,73): warning C4838: 'float' から 'int' への変換には縮小変換が必要です
C:\Users\GamePG\Desktop\小林大楽\github\CreateProgram\Fischer\game\src\game\gameobject\scene_manager\scene\characterselect\characterselect.cpp(57,35): warning C4244: '初期化中': 'float' から 'int' への変換です。データが失われる可能性があります。
C:\Users\GamePG\Desktop\小林大楽\github\CreateProgram\Fischer\game\src\game\gameobject\character_manager\character_manager.cpp(34,73): warning C4244: '初期化中': 'float' から 'int' への変換です。データが失われる可能性があります。
C:\Users\GamePG\Desktop\小林大楽\github\CreateProgram\Fischer\game\src\game\gameobject\scene_manager\scene\characterselect\characterselect.cpp(57,43): warning C4838: 'float' から 'int' への変換には縮小変換が必要です
C:\Users\GamePG\Desktop\小林大楽\github\CreateProgram\Fischer\game\src\game\gameobject\scene_manager\scene\characterselect\characterselect.cpp(57,43): warning C4244: '初期化中': 'float' から 'int' への変換です。データが失われる可能性があります。
C:\Users\GamePG\Desktop\小林大楽\github\CreateProgram\Fischer\game\src\game\gameobject\character_manager\character_manager.cpp(43,64): warning C4838: 'float' から 'int' への変換には縮小変換が必要です
C:\Users\GamePG\Desktop\小林大楽\github\CreateProgram\Fischer\game\src\game\gameobject\character_manager\character_manager.cpp(43,64): warning C4244: '初期化中': 'float' から 'int' への変換です。データが失われる可能性があります。
C:\Users\GamePG\Desktop\小林大楽\github\CreateProgram\Fischer\game\src\game\gameobject\character_manager\character_manager.cpp(43,85): warning C4838: 'float' から 'int' への変換には縮小変換が必要です
C:\Users\GamePG\Desktop\小林大楽\github\CreateProgram\Fischer\game\src\game\gameobject\character_manager\character_manager.cpp(43,85): warning C4244: '初期化中': 'float' から 'int' への変換です。データが失われる可能性があります。
C:\Users\GamePG\Desktop\小林大楽\github\CreateProgram\Fischer\game\src\game\gameobject\character_manager\character_manager.cpp(52,56): warning C4838: 'float' から 'int' への変換には縮小変換が必要です
C:\Users\GamePG\Desktop\小林大楽\github\CreateProgram\Fischer\game\src\game\gameobject\scene_manager\scene\result\result.cpp(161,12): warning C4456: 'i' を宣言すると、以前のローカル宣言が隠蔽されます
      C:\Users\GamePG\Desktop\小林大楽\github\CreateProgram\Fischer\game\src\game\gameobject\scene_manager\scene\result\result.cpp(156,11):
      'i' の宣言を確認してください
  
C:\Users\GamePG\Desktop\小林大楽\github\CreateProgram\Fischer\game\src\game\gameobject\character_manager\character_manager.cpp(52,56): warning C4244: '初期化中': 'float' から 'int' への変換です。データが失われる可能性があります。
C:\Users\GamePG\Desktop\小林大楽\github\CreateProgram\Fischer\game\src\game\gameobject\character_manager\character_manager.cpp(52,69): warning C4838: 'float' から 'int' への変換には縮小変換が必要です
C:\Users\GamePG\Desktop\小林大楽\github\CreateProgram\Fischer\game\src\game\gameobject\character_manager\character_manager.cpp(52,69): warning C4244: '初期化中': 'float' から 'int' への変換です。データが失われる可能性があります。
C:\Users\GamePG\Desktop\小林大楽\github\CreateProgram\Fischer\game\src\game\gameobject\character_manager\character_manager.cpp(61,57): warning C4838: 'float' から 'int' への変換には縮小変換が必要です
C:\Users\GamePG\Desktop\小林大楽\github\CreateProgram\Fischer\game\src\game\gameobject\character_manager\character_manager.cpp(61,57): warning C4244: '初期化中': 'float' から 'int' への変換です。データが失われる可能性があります。
C:\Users\GamePG\Desktop\小林大楽\github\CreateProgram\Fischer\game\src\game\gameobject\character_manager\character_manager.cpp(61,71): warning C4838: 'float' から 'int' への変換には縮小変換が必要です
C:\Users\GamePG\Desktop\小林大楽\github\CreateProgram\Fischer\game\src\game\gameobject\character_manager\character_manager.cpp(61,71): warning C4244: '初期化中': 'float' から 'int' への変換です。データが失われる可能性があります。
C:\Users\GamePG\Desktop\小林大楽\github\CreateProgram\Fischer\game\src\game\gameobject\character_manager\character_manager.cpp(70,58): warning C4838: 'float' から 'int' への変換には縮小変換が必要です
C:\Users\GamePG\Desktop\小林大楽\github\CreateProgram\Fischer\game\src\game\gameobject\character_manager\character_manager.cpp(70,58): warning C4244: '初期化中': 'float' から 'int' への変換です。データが失われる可能性があります。
C:\Users\GamePG\Desktop\小林大楽\github\CreateProgram\Fischer\game\src\game\gameobject\character_manager\character_manager.cpp(70,73): warning C4838: 'float' から 'int' への変換には縮小変換が必要です
C:\Users\GamePG\Desktop\小林大楽\github\CreateProgram\Fischer\game\src\game\gameobject\character_manager\character_manager.cpp(70,73): warning C4244: '初期化中': 'float' から 'int' への変換です。データが失われる可能性があります。
C:\Users\GamePG\Desktop\小林大楽\github\CreateProgram\Fischer\game\src\game\gameobject\character_manager\character_manager.cpp(79,54): warning C4838: 'float' から 'int' への変換には縮小変換が必要です
C:\Users\GamePG\Desktop\小林大楽\github\CreateProgram\Fischer\game\src\game\gameobject\character_manager\character_manager.cpp(79,54): warning C4244: '初期化中': 'float' から 'int' への変換です。データが失われる可能性があります。
C:\Users\GamePG\Desktop\小林大楽\github\CreateProgram\Fischer\game\src\game\gameobject\character_manager\character_manager.cpp(79,65): warning C4838: 'float' から 'int' への変換には縮小変換が必要です
C:\Users\GamePG\Desktop\小林大楽\github\CreateProgram\Fischer\game\src\game\gameobject\character_manager\character_manager.cpp(79,65): warning C4244: '初期化中': 'float' から 'int' への変換です。データが失われる可能性があります。
C:\Users\GamePG\Desktop\小林大楽\github\CreateProgram\Fischer\game\src\game\gameobject\character_manager\character_manager.cpp(331,1): warning C4715: 'CharacterManager::CharacterFilePath': 値を返さないコントロール パスがあります。
C:\Users\GamePG\Desktop\小林大楽\github\CreateProgram\Fischer\game\src\game\gameobject\character_manager\character_manager.cpp(187,1): warning C4715: 'CharacterManager::CharacterHEIGHT': 値を返さないコントロール パスがあります。
C:\Users\GamePG\Desktop\小林大楽\github\CreateProgram\Fischer\game\src\game\gameobject\character_manager\character_manager.cpp(139,1): warning C4715: 'CharacterManager::CharacterWIDTH': 値を返さないコントロール パスがあります。
C:\Users\GamePG\Desktop\小林大楽\github\CreateProgram\Fischer\game\src\game\gameobject\character_manager\character_manager.cpp(235,1): warning C4715: 'CharacterManager::CharacterSpeed': 値を返さないコントロール パスがあります。
C:\Users\GamePG\Desktop\小林大楽\github\CreateProgram\Fischer\game\src\game\gameobject\character_manager\character_manager.cpp(379,1): warning C4715: 'CharacterManager::CharacterMouthPos': 値を返さないコントロール パスがあります。
C:\Users\GamePG\Desktop\小林大楽\github\CreateProgram\Fischer\game\src\game\gameobject\character_manager\character_manager.cpp(283,1): warning C4715: 'CharacterManager::CharacterRect': 値を返さないコントロール パスがあります。
C:\Users\GamePG\Desktop\小林大楽\github\CreateProgram\Fischer\game\src\game\gameobject\character_manager\character_manager.cpp(427,1): warning C4715: 'CharacterManager::CharacterMouthRadius': 値を返さないコントロール パスがあります。
  game.vcxproj -> C:\Users\GamePG\Desktop\小林大楽\github\CreateProgram\Fischer\project\x64\Debug\game.exe
